// Jest Snapshot v1, https://goo.gl/fbAQLP

exports[`PriceButton should render buy price update 1`] = `ShallowWrapper {}`;

exports[`PriceButton should render sell price update 1`] = `ShallowWrapper {}`;

exports[`PriceButton should stale price 1`] = `ShallowWrapper {}`;
