// Jest Snapshot v1, https://goo.gl/fbAQLP

exports[`Price should render buy price update 1`] = `ShallowWrapper {}`;

exports[`Price should render sell price update 1`] = `ShallowWrapper {}`;
